// Jest Snapshot v1, https://goo.gl/fbAQLP

exports[`components/Fog renders Fog 1`] = `
<mesh
  name="fog"
>
  <clouds
    args={
      Array [
        20,
      ]
    }
    attach="geometry"
  />
  <cloudsMaterial
    attach="material"
    cloudTexture="texture"
    extensions-derivatives={true}
    time={0}
  />
</mesh>
`;
