// Jest Snapshot v1, https://goo.gl/fbAQLP

exports[`components/Skull renders skull 1`] = `
<group
  rotation={
    Array [
      0,
      -0.7853981633974483,
      0,
    ]
  }
>
  <mesh
    name="skull-head"
  >
    <skullMaterial
      attach="material"
      extensions-derivatives={true}
      noiseTex="texture"
    />
  </mesh>
  <mesh
    name="skull-jaw"
  >
    <skullMaterial
      attach="material"
      extensions-derivatives={true}
      noiseTex="texture"
    />
  </mesh>
</group>
`;
