// Jest Snapshot v1, https://goo.gl/fbAQLP

exports[`components/FaceParticles renders FaceParticles 1`] = `
<group
  name="particle-hit-group"
>
  <mesh
    name="particles"
  >
    <particles
      args={
        Array [
          "texture",
        ]
      }
      attach="geometry"
    />
    <particlesMaterial
      attach="material"
      extensions-derivatives={true}
      particleTexture="texture"
      time={0}
    />
  </mesh>
</group>
`;
